This is pdfTeX, Version 3.141592653-2.6-1.40.27 (MiKTeX 25.4) (preloaded format=pdflatex.fmt)
 restricted \write18 enabled.
entering extended mode
(main.tex
LaTeX2e <2024-11-01> patch level 2
L3 programming layer <2025-04-29>
(C:\Users\gusta\AppData\Local\Programs\MiKTeX\tex/latex/beamer\beamer.cls
Document Class: beamer 2025/06/15 v3.74 A class for typesetting presentations

(C:\Users\gusta\AppData\Local\Programs\MiKTeX\tex/latex/beamer\beamerbasemodes.
sty
(C:\Users\gusta\AppData\Local\Programs\MiKTeX\tex/latex/etoolbox\etoolbox.sty)
(C:\Users\gusta\AppData\Local\Programs\MiKTeX\tex/latex/beamer\beamerbasedecode
.sty))
(C:\Users\gusta\AppData\Local\Programs\MiKTeX\tex/generic/iftex\iftex.sty)
(C:\Users\gusta\AppData\Local\Programs\MiKTeX\tex/latex/beamer\beamerbaseoption
s.sty
(C:\Users\gusta\AppData\Local\Programs\MiKTeX\tex/latex/graphics\keyval.sty))
(C:\Users\gusta\AppData\Local\Programs\MiKTeX\tex/latex/geometry\geometry.sty
(C:\Users\gusta\AppData\Local\Programs\MiKTeX\tex/generic/iftex\ifvtex.sty)
(C:\Users\gusta\AppData\Local\Programs\MiKTeX\tex/latex/geometry\geometry.cfg))
(C:\Users\gusta\AppData\Local\Programs\MiKTeX\tex/latex/pgf/math\pgfmath.sty
(C:\Users\gusta\AppData\Local\Programs\MiKTeX\tex/latex/pgf/utilities\pgfrcs.st
y
(C:\Users\gusta\AppData\Local\Programs\MiKTeX\tex/generic/pgf/utilities\pgfutil
-common.tex)
(C:\Users\gusta\AppData\Local\Programs\MiKTeX\tex/generic/pgf/utilities\pgfutil
-latex.def)
(C:\Users\gusta\AppData\Local\Programs\MiKTeX\tex/generic/pgf/utilities\pgfrcs.
code.tex
(C:\Users\gusta\AppData\Local\Programs\MiKTeX\tex/generic/pgf\pgf.revision.tex)
))
(C:\Users\gusta\AppData\Local\Programs\MiKTeX\tex/latex/pgf/utilities\pgfkeys.s
ty
(C:\Users\gusta\AppData\Local\Programs\MiKTeX\tex/generic/pgf/utilities\pgfkeys
.code.tex
(C:\Users\gusta\AppData\Local\Programs\MiKTeX\tex/generic/pgf/utilities\pgfkeys
libraryfiltered.code.tex)))
(C:\Users\gusta\AppData\Local\Programs\MiKTeX\tex/generic/pgf/math\pgfmath.code
.tex
(C:\Users\gusta\AppData\Local\Programs\MiKTeX\tex/generic/pgf/math\pgfmathutil.
code.tex)
(C:\Users\gusta\AppData\Local\Programs\MiKTeX\tex/generic/pgf/math\pgfmathparse
r.code.tex)
(C:\Users\gusta\AppData\Local\Programs\MiKTeX\tex/generic/pgf/math\pgfmathfunct
ions.code.tex)
(C:\Users\gusta\AppData\Local\Programs\MiKTeX\tex/generic/pgf/math\pgfmathfunct
ions.basic.code.tex)
(C:\Users\gusta\AppData\Local\Programs\MiKTeX\tex/generic/pgf/math\pgfmathfunct
ions.trigonometric.code.tex)
(C:\Users\gusta\AppData\Local\Programs\MiKTeX\tex/generic/pgf/math\pgfmathfunct
ions.random.code.tex)
(C:\Users\gusta\AppData\Local\Programs\MiKTeX\tex/generic/pgf/math\pgfmathfunct
ions.comparison.code.tex)
(C:\Users\gusta\AppData\Local\Programs\MiKTeX\tex/generic/pgf/math\pgfmathfunct
ions.base.code.tex)
(C:\Users\gusta\AppData\Local\Programs\MiKTeX\tex/generic/pgf/math\pgfmathfunct
ions.round.code.tex)
(C:\Users\gusta\AppData\Local\Programs\MiKTeX\tex/generic/pgf/math\pgfmathfunct
ions.misc.code.tex)
(C:\Users\gusta\AppData\Local\Programs\MiKTeX\tex/generic/pgf/math\pgfmathfunct
ions.integerarithmetics.code.tex)
(C:\Users\gusta\AppData\Local\Programs\MiKTeX\tex/generic/pgf/math\pgfmathcalc.
code.tex)
(C:\Users\gusta\AppData\Local\Programs\MiKTeX\tex/generic/pgf/math\pgfmathfloat
.code.tex)))
(C:\Users\gusta\AppData\Local\Programs\MiKTeX\tex/latex/base\size11.clo)
(C:\Users\gusta\AppData\Local\Programs\MiKTeX\tex/latex/pgf/basiclayer\pgfcore.
sty
(C:\Users\gusta\AppData\Local\Programs\MiKTeX\tex/latex/graphics\graphicx.sty
(C:\Users\gusta\AppData\Local\Programs\MiKTeX\tex/latex/graphics\graphics.sty
(C:\Users\gusta\AppData\Local\Programs\MiKTeX\tex/latex/graphics\trig.sty)
(C:\Users\gusta\AppData\Local\Programs\MiKTeX\tex/latex/graphics-cfg\graphics.c
fg)
(C:\Users\gusta\AppData\Local\Programs\MiKTeX\tex/latex/graphics-def\pdftex.def
)))
(C:\Users\gusta\AppData\Local\Programs\MiKTeX\tex/latex/pgf/systemlayer\pgfsys.
sty
(C:\Users\gusta\AppData\Local\Programs\MiKTeX\tex/generic/pgf/systemlayer\pgfsy
s.code.tex
(C:\Users\gusta\AppData\Local\Programs\MiKTeX\tex/generic/pgf/systemlayer\pgf.c
fg)
(C:\Users\gusta\AppData\Local\Programs\MiKTeX\tex/generic/pgf/systemlayer\pgfsy
s-pdftex.def
(C:\Users\gusta\AppData\Local\Programs\MiKTeX\tex/generic/pgf/systemlayer\pgfsy
s-common-pdf.def)))
(C:\Users\gusta\AppData\Local\Programs\MiKTeX\tex/generic/pgf/systemlayer\pgfsy
ssoftpath.code.tex)
(C:\Users\gusta\AppData\Local\Programs\MiKTeX\tex/generic/pgf/systemlayer\pgfsy
sprotocol.code.tex))
(C:\Users\gusta\AppData\Local\Programs\MiKTeX\tex/latex/xcolor\xcolor.sty
(C:\Users\gusta\AppData\Local\Programs\MiKTeX\tex/latex/graphics-cfg\color.cfg)
(C:\Users\gusta\AppData\Local\Programs\MiKTeX\tex/latex/graphics\mathcolor.ltx)
)
(C:\Users\gusta\AppData\Local\Programs\MiKTeX\tex/generic/pgf/basiclayer\pgfcor
e.code.tex
(C:\Users\gusta\AppData\Local\Programs\MiKTeX\tex/generic/pgf/math\pgfint.code.
tex)
(C:\Users\gusta\AppData\Local\Programs\MiKTeX\tex/generic/pgf/basiclayer\pgfcor
epoints.code.tex)
(C:\Users\gusta\AppData\Local\Programs\MiKTeX\tex/generic/pgf/basiclayer\pgfcor
epathconstruct.code.tex)
(C:\Users\gusta\AppData\Local\Programs\MiKTeX\tex/generic/pgf/basiclayer\pgfcor
epathusage.code.tex)
(C:\Users\gusta\AppData\Local\Programs\MiKTeX\tex/generic/pgf/basiclayer\pgfcor
escopes.code.tex)
(C:\Users\gusta\AppData\Local\Programs\MiKTeX\tex/generic/pgf/basiclayer\pgfcor
egraphicstate.code.tex)
(C:\Users\gusta\AppData\Local\Programs\MiKTeX\tex/generic/pgf/basiclayer\pgfcor
etransformations.code.tex)
(C:\Users\gusta\AppData\Local\Programs\MiKTeX\tex/generic/pgf/basiclayer\pgfcor
equick.code.tex)
(C:\Users\gusta\AppData\Local\Programs\MiKTeX\tex/generic/pgf/basiclayer\pgfcor
eobjects.code.tex)
(C:\Users\gusta\AppData\Local\Programs\MiKTeX\tex/generic/pgf/basiclayer\pgfcor
epathprocessing.code.tex)
(C:\Users\gusta\AppData\Local\Programs\MiKTeX\tex/generic/pgf/basiclayer\pgfcor
earrows.code.tex)
(C:\Users\gusta\AppData\Local\Programs\MiKTeX\tex/generic/pgf/basiclayer\pgfcor
eshade.code.tex)
(C:\Users\gusta\AppData\Local\Programs\MiKTeX\tex/generic/pgf/basiclayer\pgfcor
eimage.code.tex)
(C:\Users\gusta\AppData\Local\Programs\MiKTeX\tex/generic/pgf/basiclayer\pgfcor
eexternal.code.tex)
(C:\Users\gusta\AppData\Local\Programs\MiKTeX\tex/generic/pgf/basiclayer\pgfcor
elayers.code.tex)
(C:\Users\gusta\AppData\Local\Programs\MiKTeX\tex/generic/pgf/basiclayer\pgfcor
etransparency.code.tex)
(C:\Users\gusta\AppData\Local\Programs\MiKTeX\tex/generic/pgf/basiclayer\pgfcor
epatterns.code.tex)
(C:\Users\gusta\AppData\Local\Programs\MiKTeX\tex/generic/pgf/basiclayer\pgfcor
erdf.code.tex)))
(C:\Users\gusta\AppData\Local\Programs\MiKTeX\tex/latex/pgf/utilities\xxcolor.s
ty)
(C:\Users\gusta\AppData\Local\Programs\MiKTeX\tex/latex/base\atbegshi-ltx.sty)
(C:\Users\gusta\AppData\Local\Programs\MiKTeX\tex/latex/hyperref\hyperref.sty
(C:\Users\gusta\AppData\Local\Programs\MiKTeX\tex/latex/kvsetkeys\kvsetkeys.sty
)
(C:\Users\gusta\AppData\Local\Programs\MiKTeX\tex/generic/kvdefinekeys\kvdefine
keys.sty)
(C:\Users\gusta\AppData\Local\Programs\MiKTeX\tex/generic/pdfescape\pdfescape.s
ty
(C:\Users\gusta\AppData\Local\Programs\MiKTeX\tex/generic/ltxcmds\ltxcmds.sty)
(C:\Users\gusta\AppData\Local\Programs\MiKTeX\tex/generic/pdftexcmds\pdftexcmds
.sty
(C:\Users\gusta\AppData\Local\Programs\MiKTeX\tex/generic/infwarerr\infwarerr.s
ty)))
(C:\Users\gusta\AppData\Local\Programs\MiKTeX\tex/latex/hycolor\hycolor.sty)
(C:\Users\gusta\AppData\Local\Programs\MiKTeX\tex/latex/hyperref\nameref.sty
(C:\Users\gusta\AppData\Local\Programs\MiKTeX\tex/latex/refcount\refcount.sty)
(C:\Users\gusta\AppData\Local\Programs\MiKTeX\tex/generic/gettitlestring\gettit
lestring.sty
(C:\Users\gusta\AppData\Local\Programs\MiKTeX\tex/latex/kvoptions\kvoptions.sty
)))
(C:\Users\gusta\AppData\Local\Programs\MiKTeX\tex/generic/stringenc\stringenc.s
ty) (C:\Users\gusta\AppData\Local\Programs\MiKTeX\tex/latex/hyperref\pd1enc.def
) (C:\Users\gusta\AppData\Local\Programs\MiKTeX\tex/generic/intcalc\intcalc.sty
) (C:\Users\gusta\AppData\Local\Programs\MiKTeX\tex/latex/hyperref\puenc.def)
(C:\Users\gusta\AppData\Local\Programs\MiKTeX\tex/latex/url\url.sty)
(C:\Users\gusta\AppData\Local\Programs\MiKTeX\tex/generic/bitset\bitset.sty
(C:\Users\gusta\AppData\Local\Programs\MiKTeX\tex/generic/bigintcalc\bigintcalc
.sty))

Package hyperref Message: Stopped early.

) (C:\Users\gusta\AppData\Local\Programs\MiKTeX\tex/latex/hyperref\hpdftex.def
(C:\Users\gusta\AppData\Local\Programs\MiKTeX\tex/latex/rerunfilecheck\rerunfil
echeck.sty
(C:\Users\gusta\AppData\Local\Programs\MiKTeX\tex/latex/base\atveryend-ltx.sty)

(C:\Users\gusta\AppData\Local\Programs\MiKTeX\tex/generic/uniquecounter\uniquec
ounter.sty)))
(C:\Users\gusta\AppData\Local\Programs\MiKTeX\tex/latex/beamer\beamerbaserequir
es.sty
(C:\Users\gusta\AppData\Local\Programs\MiKTeX\tex/latex/beamer\beamerbasecompat
ibility.sty)
(C:\Users\gusta\AppData\Local\Programs\MiKTeX\tex/latex/beamer\beamerbasefont.s
ty (C:\Users\gusta\AppData\Local\Programs\MiKTeX\tex/latex/amsfonts\amssymb.sty
(C:\Users\gusta\AppData\Local\Programs\MiKTeX\tex/latex/amsfonts\amsfonts.sty))

(C:\Users\gusta\AppData\Local\Programs\MiKTeX\tex/latex/sansmathaccent\sansmath
accent.sty
(C:\Users\gusta\AppData\Local\Programs\MiKTeX\tex/latex/koma-script\scrlfile.st
y
(C:\Users\gusta\AppData\Local\Programs\MiKTeX\tex/latex/koma-script\scrlfile-ho
ok.sty
(C:\Users\gusta\AppData\Local\Programs\MiKTeX\tex/latex/koma-script\scrlogo.sty
)))))
(C:\Users\gusta\AppData\Local\Programs\MiKTeX\tex/latex/beamer\beamerbasetransl
ator.sty
(C:\Users\gusta\AppData\Local\Programs\MiKTeX\tex/latex/translator\translator.s
ty))
(C:\Users\gusta\AppData\Local\Programs\MiKTeX\tex/latex/beamer\beamerbasemisc.s
ty)
(C:\Users\gusta\AppData\Local\Programs\MiKTeX\tex/latex/beamer\beamerbasetwoscr
eens.sty)
(C:\Users\gusta\AppData\Local\Programs\MiKTeX\tex/latex/beamer\beamerbaseoverla
y.sty)
(C:\Users\gusta\AppData\Local\Programs\MiKTeX\tex/latex/beamer\beamerbasetitle.
sty)
(C:\Users\gusta\AppData\Local\Programs\MiKTeX\tex/latex/beamer\beamerbasesectio
n.sty)
(C:\Users\gusta\AppData\Local\Programs\MiKTeX\tex/latex/beamer\beamerbaseframe.
sty)
(C:\Users\gusta\AppData\Local\Programs\MiKTeX\tex/latex/beamer\beamerbaseverbat
im.sty)
(C:\Users\gusta\AppData\Local\Programs\MiKTeX\tex/latex/beamer\beamerbaseframes
ize.sty)
(C:\Users\gusta\AppData\Local\Programs\MiKTeX\tex/latex/beamer\beamerbaseframec
omponents.sty)
(C:\Users\gusta\AppData\Local\Programs\MiKTeX\tex/latex/beamer\beamerbasecolor.
sty)
(C:\Users\gusta\AppData\Local\Programs\MiKTeX\tex/latex/beamer\beamerbasenotes.
sty)
(C:\Users\gusta\AppData\Local\Programs\MiKTeX\tex/latex/beamer\beamerbasetoc.st
y)
(C:\Users\gusta\AppData\Local\Programs\MiKTeX\tex/latex/beamer\beamerbasetempla
tes.sty
(C:\Users\gusta\AppData\Local\Programs\MiKTeX\tex/latex/beamer\beamerbaseauxtem
plates.sty
(C:\Users\gusta\AppData\Local\Programs\MiKTeX\tex/latex/beamer\beamerbaseboxes.
sty)))
(C:\Users\gusta\AppData\Local\Programs\MiKTeX\tex/latex/beamer\beamerbaselocals
tructure.sty
(C:\Users\gusta\AppData\Local\Programs\MiKTeX\tex/latex/tools\enumerate.sty))
(C:\Users\gusta\AppData\Local\Programs\MiKTeX\tex/latex/beamer\beamerbasenaviga
tion.sty
(C:\Users\gusta\AppData\Local\Programs\MiKTeX\tex/latex/beamer\beamerbasenaviga
tionsymbols.tex))
(C:\Users\gusta\AppData\Local\Programs\MiKTeX\tex/latex/beamer\beamerbasetheore
ms.sty
(C:\Users\gusta\AppData\Local\Programs\MiKTeX\tex/latex/amsmath\amsmath.sty
For additional information on amsmath, use the `?' option.
(C:\Users\gusta\AppData\Local\Programs\MiKTeX\tex/latex/amsmath\amstext.sty
(C:\Users\gusta\AppData\Local\Programs\MiKTeX\tex/latex/amsmath\amsgen.sty))
(C:\Users\gusta\AppData\Local\Programs\MiKTeX\tex/latex/amsmath\amsbsy.sty)
(C:\Users\gusta\AppData\Local\Programs\MiKTeX\tex/latex/amsmath\amsopn.sty))
(C:\Users\gusta\AppData\Local\Programs\MiKTeX\tex/latex/amscls\amsthm.sty))
(C:\Users\gusta\AppData\Local\Programs\MiKTeX\tex/latex/beamer\beamerbasethemes
.sty))
(C:\Users\gusta\AppData\Local\Programs\MiKTeX\tex/latex/beamer\beamerthemedefau
lt.sty
(C:\Users\gusta\AppData\Local\Programs\MiKTeX\tex/latex/beamer\beamerfontthemed
efault.sty)
(C:\Users\gusta\AppData\Local\Programs\MiKTeX\tex/latex/beamer\beamercolortheme
default.sty)
(C:\Users\gusta\AppData\Local\Programs\MiKTeX\tex/latex/beamer\beamerinnertheme
default.sty)
(C:\Users\gusta\AppData\Local\Programs\MiKTeX\tex/latex/beamer\beameroutertheme
default.sty)))
(C:\Users\gusta\AppData\Local\Programs\MiKTeX\tex/latex/beamer\beamerthemeMadri
d.sty
(C:\Users\gusta\AppData\Local\Programs\MiKTeX\tex/latex/beamer\beamercolortheme
whale.sty)
(C:\Users\gusta\AppData\Local\Programs\MiKTeX\tex/latex/beamer\beamercolortheme
orchid.sty)
(C:\Users\gusta\AppData\Local\Programs\MiKTeX\tex/latex/beamer\beamerinnertheme
rounded.sty)
(C:\Users\gusta\AppData\Local\Programs\MiKTeX\tex/latex/beamer\beameroutertheme
infolines.sty))
(C:\Users\gusta\AppData\Local\Programs\MiKTeX\tex/latex/base\inputenc.sty)
(C:\Users\gusta\AppData\Local\Programs\MiKTeX\tex/latex/base\fontenc.sty)
(C:\Users\gusta\AppData\Local\Programs\MiKTeX\tex/latex/lm\lmodern.sty)
(C:\Users\gusta\AppData\Local\Programs\MiKTeX\tex/generic/babel\babel.sty
(C:\Users\gusta\AppData\Local\Programs\MiKTeX\tex/generic/babel\txtbabel.def)
*************************************
* Local config file bblopts.cfg used
*
(C:\Users\gusta\AppData\Local\Programs\MiKTeX\tex/latex/arabi\bblopts.cfg)
(C:\Users\gusta\AppData\Local\Programs\MiKTeX\tex/latex/babel-spanish\spanish.l
df
(C:\Users\gusta\AppData\Local\Programs\MiKTeX\tex/generic/babel/locale/es\babel
-spanish.tex)))
(C:\Users\gusta\AppData\Local\Programs\MiKTeX\tex/latex/pgf/frontendlayer\tikz.
sty
(C:\Users\gusta\AppData\Local\Programs\MiKTeX\tex/latex/pgf/basiclayer\pgf.sty
(C:\Users\gusta\AppData\Local\Programs\MiKTeX\tex/generic/pgf/modules\pgfmodule
shapes.code.tex)
(C:\Users\gusta\AppData\Local\Programs\MiKTeX\tex/generic/pgf/modules\pgfmodule
plot.code.tex)
(C:\Users\gusta\AppData\Local\Programs\MiKTeX\tex/latex/pgf/compatibility\pgfco
mp-version-0-65.sty)
(C:\Users\gusta\AppData\Local\Programs\MiKTeX\tex/latex/pgf/compatibility\pgfco
mp-version-1-18.sty))
(C:\Users\gusta\AppData\Local\Programs\MiKTeX\tex/latex/pgf/utilities\pgffor.st
y
(C:\Users\gusta\AppData\Local\Programs\MiKTeX\tex/generic/pgf/utilities\pgffor.
code.tex))
(C:\Users\gusta\AppData\Local\Programs\MiKTeX\tex/generic/pgf/frontendlayer/tik
z\tikz.code.tex
(C:\Users\gusta\AppData\Local\Programs\MiKTeX\tex/generic/pgf/libraries\pgflibr
aryplothandlers.code.tex)
(C:\Users\gusta\AppData\Local\Programs\MiKTeX\tex/generic/pgf/modules\pgfmodule
matrix.code.tex)
(C:\Users\gusta\AppData\Local\Programs\MiKTeX\tex/generic/pgf/frontendlayer/tik
z/libraries\tikzlibrarytopaths.code.tex)))
(C:\Users\gusta\AppData\Local\Programs\MiKTeX\tex/latex/float\float.sty)
(C:\Users\gusta\AppData\Local\Programs\MiKTeX\tex/latex/upquote\upquote.sty
(C:\Users\gusta\AppData\Local\Programs\MiKTeX\tex/latex/base\textcomp.sty))
(C:\Users\gusta\AppData\Local\Programs\MiKTeX\tex/latex/algorithm2e\algorithm2e
.sty (C:\Users\gusta\AppData\Local\Programs\MiKTeX\tex/latex/base\ifthen.sty)
(C:\Users\gusta\AppData\Local\Programs\MiKTeX\tex/latex/ifoddpage\ifoddpage.sty
) (C:\Users\gusta\AppData\Local\Programs\MiKTeX\tex/latex/tools\xspace.sty)
(C:\Users\gusta\AppData\Local\Programs\MiKTeX\tex/latex/relsize\relsize.sty))
(C:\Users\gusta\AppData\Local\Programs\MiKTeX\tex/latex/booktabs\booktabs.sty)
(C:\Users\gusta\AppData\Local\Programs\MiKTeX\tex/latex/caption\caption.sty
(C:\Users\gusta\AppData\Local\Programs\MiKTeX\tex/latex/caption\caption3.sty
(C:\Users\gusta\AppData\Local\Programs\MiKTeX\tex/latex/caption\caption-beamer.
sto))) (C:\Users\gusta\AppData\Local\Programs\MiKTeX\tex/latex/lm\t1lmss.fd)
(C:\Users\gusta\AppData\Local\Programs\MiKTeX\tex/latex/l3backend\l3backend-pdf
tex.def) (main.aux)
*geometry* driver: auto-detecting
*geometry* detected driver: pdftex

(C:\Users\gusta\AppData\Local\Programs\MiKTeX\tex/context/base/mkii\supp-pdf.mk
ii
[Loading MPS to PDF converter (version 2006.09.02).]
)
(C:\Users\gusta\AppData\Local\Programs\MiKTeX\tex/latex/epstopdf-pkg\epstopdf-b
ase.sty
(C:\Users\gusta\AppData\Local\Programs\MiKTeX\tex/latex/00miktex\epstopdf-sys.c
fg)) (main.out) (main.out)
(C:\Users\gusta\AppData\Local\Programs\MiKTeX\tex/latex/translator\translator-b
asic-dictionary-English.dict)
(C:\Users\gusta\AppData\Local\Programs\MiKTeX\tex/latex/translator\translator-b
ibliography-dictionary-English.dict)
(C:\Users\gusta\AppData\Local\Programs\MiKTeX\tex/latex/translator\translator-e
nvironment-dictionary-English.dict)
(C:\Users\gusta\AppData\Local\Programs\MiKTeX\tex/latex/translator\translator-m
onths-dictionary-English.dict)
(C:\Users\gusta\AppData\Local\Programs\MiKTeX\tex/latex/translator\translator-n
umbers-dictionary-English.dict)
(C:\Users\gusta\AppData\Local\Programs\MiKTeX\tex/latex/translator\translator-t
heorem-dictionary-English.dict) (main.nav)
(C:\Users\gusta\AppData\Local\Programs\MiKTeX\tex/latex/lm\ot1lmss.fd)
(C:\Users\gusta\AppData\Local\Programs\MiKTeX\tex/latex/lm\omllmm.fd)
(C:\Users\gusta\AppData\Local\Programs\MiKTeX\tex/latex/lm\omslmsy.fd)
(C:\Users\gusta\AppData\Local\Programs\MiKTeX\tex/latex/lm\omxlmex.fd)
(C:\Users\gusta\AppData\Local\Programs\MiKTeX\tex/latex/amsfonts\umsa.fd)
(C:\Users\gusta\AppData\Local\Programs\MiKTeX\tex/latex/amsfonts\umsb.fd)
(C:\Users\gusta\AppData\Local\Programs\MiKTeX\tex/latex/lm\t1lmtt.fd)
[1{C:/Users/gusta/AppData/Local/MiKTeX/fonts/map/pdftex/pdftex.map}{C:/Users/gu
sta/AppData/Local/Programs/MiKTeX/fonts/enc/dvips/lm/lm-ec.enc} <./imagenes/log
o UNI.jpg>] (main.toc)
[2]
[3] (main.toc)
[4]
[5]
[6 <./imagenes/buildings-14-00213-g015.png>]
[7{C:/Users/gusta/AppData/Local/Programs/MiKTeX/fonts/enc/dvips/lm/lm-rm.enc}{C
:/Users/gusta/AppData/Local/Programs/MiKTeX/fonts/enc/dvips/lm/lm-mathit.enc}{C
:/Users/gusta/AppData/Local/Programs/MiKTeX/fonts/enc/dvips/lm/lm-mathsy.enc}]
[8{C:/Users/gusta/AppData/Local/Programs/MiKTeX/fonts/enc/dvips/lm/lm-mathex.en
c}]
[9
pdfTeX warning (ext4): destination with the same identifier (name{eq:assign}) h
as been already used, duplicate ignored
<argument> ...shipout:D \box_use:N \l_shipout_box 
                                                  \__shipout_drop_firstpage_...
l.125     \end{frame}
                     
pdfTeX warning (ext4): destination with the same identifier (name{eq:cap}) has 
been already used, duplicate ignored
<argument> ...shipout:D \box_use:N \l_shipout_box 
                                                  \__shipout_drop_firstpage_...
l.125     \end{frame}
                     
pdfTeX warning (ext4): destination with the same identifier (name{eq:bin}) has 
been already used, duplicate ignored
<argument> ...shipout:D \box_use:N \l_shipout_box 
                                                  \__shipout_drop_firstpage_...
l.125     \end{frame}
                     
pdfTeX warning (ext4): destination with the same identifier (name{eq:MSTedges})
 has been already used, duplicate ignored
<argument> ...shipout:D \box_use:N \l_shipout_box 
                                                  \__shipout_drop_firstpage_...
l.125     \end{frame}
                     ]
[10]
Overfull \vbox (2.79054pt too high) detected at line 169

[11]
[12]
[13]
[14]
Overfull \hbox (1.01869pt too wide) in paragraph at lines 240--240
[] 

Overfull \hbox (6.4879pt too wide) detected at line 240
[]

[15]
[16] (main.aux) )
(see the transcript file for additional information)<C:/Users/gusta/AppData/Loc
al/Programs/MiKTeX/fonts/type1/public/lm/lmex10.pfb><C:/Users/gusta/AppData/Loc
al/Programs/MiKTeX/fonts/type1/public/lm/lmmi10.pfb><C:/Users/gusta/AppData/Loc
al/Programs/MiKTeX/fonts/type1/public/lm/lmmi6.pfb><C:/Users/gusta/AppData/Loca
l/Programs/MiKTeX/fonts/type1/public/lm/lmmi8.pfb><C:/Users/gusta/AppData/Local
/Programs/MiKTeX/fonts/type1/public/lm/lmss10.pfb><C:/Users/gusta/AppData/Local
/Programs/MiKTeX/fonts/type1/public/lm/lmss12.pfb><C:/Users/gusta/AppData/Local
/Programs/MiKTeX/fonts/type1/public/lm/lmss8.pfb><C:/Users/gusta/AppData/Local/
Programs/MiKTeX/fonts/type1/public/lm/lmssbx10.pfb><C:/Users/gusta/AppData/Loca
l/Programs/MiKTeX/fonts/type1/public/lm/lmsso10.pfb><C:/Users/gusta/AppData/Loc
al/Programs/MiKTeX/fonts/type1/public/lm/lmsso8.pfb><C:/Users/gusta/AppData/Loc
al/Programs/MiKTeX/fonts/type1/public/lm/lmsy10.pfb><C:/Users/gusta/AppData/Loc
al/Programs/MiKTeX/fonts/type1/public/lm/lmsy6.pfb><C:/Users/gusta/AppData/Loca
l/Programs/MiKTeX/fonts/type1/public/lm/lmsy8.pfb><C:/Users/gusta/AppData/Local
/Programs/MiKTeX/fonts/type1/public/lm/lmtt8.pfb>
Output written on main.pdf (16 pages, 1286808 bytes).
Transcript written on main.log.
